// Jest Snapshot v1, https://goo.gl/fbAQLP

exports[`<Text /> should match snapshot 1`] = `
<DocumentFragment>
  <p
    class="sc-bdfBQB dyFnKw"
  >
    Goku
  </p>
</DocumentFragment>
`;
