// Jest Snapshot v1, https://goo.gl/fbAQLP

exports[`<Badge /> should match snapshot 1`] = `
<DocumentFragment>
  <div
    class="sc-fubCzh bDVRMz"
  >
    <p
      class="sc-bdfBQB gZQgqc"
      color="background"
    >
      Luke Skywalker
    </p>
  </div>
</DocumentFragment>
`;
