// Jest Snapshot v1, https://goo.gl/fbAQLP

exports[`<Alert /> Should match snapshot 1`] = `<DocumentFragment />`;
