// Jest Snapshot v1, https://goo.gl/fbAQLP

exports[`<LineButton /> should match snapshot 1`] = `
<DocumentFragment>
  <button
    class="sc-fubCzh kBlhdU"
    type="line"
  >
    <p
      class="sc-bdfBQB iDqXfG"
    >
      help
    </p>
  </button>
</DocumentFragment>
`;
