// Jest Snapshot v1, https://goo.gl/fbAQLP

exports[`<SolidButton /> should match snapshot 1`] = `
<DocumentFragment>
  <button
    class="sc-fubCzh cJRFgs"
    type="solid"
  >
    <p
      class="sc-bdfBQB iDqXfG"
    >
      help
    </p>
  </button>
</DocumentFragment>
`;
