// Jest Snapshot v1, https://goo.gl/fbAQLP

exports[`<PaginationItem /> should match snapshot 1`] = `
<DocumentFragment>
  <button
    class="sc-jrAFXE jqYNa-D"
  >
    <p
      class="sc-bdfBQB iDqXfG"
      color="contrast"
    >
      12
    </p>
  </button>
</DocumentFragment>
`;
