// Jest Snapshot v1, https://goo.gl/fbAQLP

exports[`<InputAdornment /> should match snapshot 1`] = `
<DocumentFragment>
  <div
    class="sc-fubCzh DmcsP"
  >
    <span
      class="sc-iBPTik gtzjHA material-icons"
      color="system"
    >
      visibility
    </span>
  </div>
</DocumentFragment>
`;
