// Jest Snapshot v1, https://goo.gl/fbAQLP

exports[`<Password /> should match snapshot 1`] = `
<DocumentFragment>
  <div
    class="sc-bdfBQB TpSNq"
  >
    <label
      class="sc-pGacB liSCmd"
      for="passwordMock"
    >
      <p
        class="sc-dlfnuX cALFVY"
        color="contrast"
      >
        Password Label 
      </p>
    </label>
    <div
      class="sc-kEjbQP NJzOK"
    >
      <input
        class="sc-jrAFXE hLRQfv"
        name="passwordMock"
        placeholder="password placeholder"
        type="password"
        value=""
      />
      <div
        class="sc-dQoVA itcOIr"
      >
        <span
          class="sc-crrszt fQFtWD material-icons"
          color="system"
        >
          visibility
        </span>
      </div>
    </div>
    <span
      class="sc-iqHYmW fBDEii"
    >
      <p
        class="sc-dlfnuX cALFVY"
        color="contrast"
      >
        Helper Text
      </p>
    </span>
  </div>
</DocumentFragment>
`;
