// Jest Snapshot v1, https://goo.gl/fbAQLP

exports[`<InputLabel /> should match snapshot 1`] = `
<DocumentFragment>
  <label
    class="sc-iBPTik gAnlej"
  >
    <p
      class="sc-bdfBQB AqsHc"
      color="secondary"
    >
      Input Label 
    </p>
  </label>
</DocumentFragment>
`;
